Archive member included to satisfy reference by file (symbol)

/opt/riscv/lib/gcc/riscv64-unknown-elf/12.2.1/../../../../riscv64-unknown-elf/lib/rv32im/ilp32/libc.a(libc_a-strlen.o)
                              /tmp/ccfCxbH7.o (strlen)

Discarded input sections

 .text          0x0000000000000000       0x94 /tmp/ccfCxbH7.o
 .data          0x0000000000000000        0x0 /tmp/ccfCxbH7.o
 .bss           0x0000000000000000        0x0 /tmp/ccfCxbH7.o
 .text          0x0000000000000000       0x10 /tmp/ccA5x118.o
 .data          0x0000000000000000        0x0 /tmp/ccA5x118.o
 .bss           0x0000000000000000        0x0 /tmp/ccA5x118.o
 .text          0x0000000000000000        0x0 /opt/riscv/lib/gcc/riscv64-unknown-elf/12.2.1/../../../../riscv64-unknown-elf/lib/rv32im/ilp32/libc.a(libc_a-strlen.o)
 .data          0x0000000000000000        0x0 /opt/riscv/lib/gcc/riscv64-unknown-elf/12.2.1/../../../../riscv64-unknown-elf/lib/rv32im/ilp32/libc.a(libc_a-strlen.o)
 .bss           0x0000000000000000        0x0 /opt/riscv/lib/gcc/riscv64-unknown-elf/12.2.1/../../../../riscv64-unknown-elf/lib/rv32im/ilp32/libc.a(libc_a-strlen.o)

Memory Configuration

Name             Origin             Length             Attributes
ram              0x0000000000000000 0x0000000000010000 xrw
*default*        0x0000000000000000 0xffffffffffffffff

Linker script and memory map

LOAD /tmp/ccfCxbH7.o
LOAD /tmp/ccA5x118.o
LOAD /opt/riscv/lib/gcc/riscv64-unknown-elf/12.2.1/rv32im/ilp32/libgcc.a
START GROUP
LOAD /opt/riscv/lib/gcc/riscv64-unknown-elf/12.2.1/../../../../riscv64-unknown-elf/lib/rv32im/ilp32/libc.a
LOAD /opt/riscv/lib/gcc/riscv64-unknown-elf/12.2.1/../../../../riscv64-unknown-elf/lib/rv32im/ilp32/libgloss.a
END GROUP
LOAD /opt/riscv/lib/gcc/riscv64-unknown-elf/12.2.1/rv32im/ilp32/libgcc.a
                0x0000000000001000                STACK_SIZE = 0x1000

.text           0x0000000000000000      0x150
 *(.start*)
 .start         0x0000000000000000       0x58 /tmp/ccA5x118.o
                0x0000000000000000                _start
 *(.text*)
 .text.startup  0x0000000000000058       0x6c /tmp/ccfCxbH7.o
                0x0000000000000058                main
 .text.strlen   0x00000000000000c4       0x8c /opt/riscv/lib/gcc/riscv64-unknown-elf/12.2.1/../../../../riscv64-unknown-elf/lib/rv32im/ilp32/libc.a(libc_a-strlen.o)
                0x00000000000000c4                strlen

.data           0x0000000000000150       0x10
 *(.rdata)
 *(.rodata .rodata.*)
 .rodata.str1.4
                0x0000000000000150        0xf /tmp/ccfCxbH7.o
 *(.gnu.linkonce.r.*)
 *(.data .data.*)
 *(.gnu.linkonce.d.*)
                0x0000000000000160                . = ALIGN (0x8)
 *fill*         0x000000000000015f        0x1 
                0x0000000000000960                __global_pointer$ = (. + 0x800)
 *(.sdata .sdata.*)
 *(.gnu.linkonce.s.*)
                0x0000000000000160                . = ALIGN (0x8)
 *(.srodata.cst16)
 *(.srodata.cst8)
 *(.srodata.cst4)
 *(.srodata.cst2)
 *(.srodata .srodata.*)

.rela.dyn       0x0000000000000160        0x0
 .rela.start    0x0000000000000160        0x0 /tmp/ccfCxbH7.o

.ctors          0x0000000000000160        0x0
                0x0000000000000160                . = ALIGN (0x4)
                0x0000000000000160                __ctors_start = .
 *(.init_array*)
 *(SORT_BY_NAME(.ctors.*))
 *(.ctors)
                0x0000000000000160                . = ALIGN (0x4)
                0x0000000000000160                __ctors_end = .

.bss            0x0000000000000160        0x0
                0x0000000000000160                . = ALIGN (0x4)
                0x0000000000000160                __bss_start = .
 *(.sbss*)
 *(.gnu.linkonce.sb.*)
 *(.bss .bss.*)
 *(.gnu.linkonce.b.*)
 *(COMMON)
                0x0000000000000160                . = ALIGN (0x4)
                0x0000000000000160                __bss_end = .

.stack          0x0000000000000160     0x1000
                0x0000000000000160                . = ALIGN (0x8)
                0x0000000000001160                . = (. + STACK_SIZE)
 *fill*         0x0000000000000160     0x1000 
                0x0000000000001160                . = ALIGN (0x8)
                0x0000000000001160                __sp = .

.heap           0x0000000000001160        0x0
                0x0000000000001160                . = ALIGN (0x8)
                0x0000000000001160                __heap_start = .
                0x0000000000001160                . = ALIGN (0x8)
                0x0000000000010000                __heap_end = (ORIGIN (ram) + LENGTH (ram))
OUTPUT(hello_world.elf elf32-littleriscv)

.comment        0x0000000000000000       0x3f
 .comment       0x0000000000000000       0x24 /tmp/ccfCxbH7.o
                                         0x25 (size before relaxing)
 .comment       0x0000000000000024       0x1b /opt/riscv/lib/gcc/riscv64-unknown-elf/12.2.1/../../../../riscv64-unknown-elf/lib/rv32im/ilp32/libc.a(libc_a-strlen.o)
                                         0x1c (size before relaxing)

.riscv.attributes
                0x0000000000000000       0x21
 .riscv.attributes
                0x0000000000000000       0x21 /tmp/ccfCxbH7.o
 .riscv.attributes
                0x0000000000000021       0x1f /tmp/ccA5x118.o
 .riscv.attributes
                0x0000000000000040       0x21 /opt/riscv/lib/gcc/riscv64-unknown-elf/12.2.1/../../../../riscv64-unknown-elf/lib/rv32im/ilp32/libc.a(libc_a-strlen.o)
