
Discarded input sections

 .data          0x00000000        0x0 /tmp/ccAcStfq.o
 .bss           0x00000000        0x0 /tmp/ccAcStfq.o
 .data          0x00000000        0x0 /tmp/ccZbm4uR.o
 .bss           0x00000000        0x0 /tmp/ccZbm4uR.o
 .eh_frame      0x00000000      0x12c /tmp/ccZbm4uR.o

Memory Configuration

Name             Origin             Length             Attributes
rom              0x10000000         0x00000400         xr
ram              0x00000000         0x10000000         xrw
*default*        0x00000000         0xffffffff

Linker script and memory map

LOAD /tmp/ccAcStfq.o
LOAD /tmp/ccZbm4uR.o

.text           0x10000000      0x2cc
 *(.text*)
 .text          0x10000000       0x14 /tmp/ccAcStfq.o
                0x10000000                _start
 .text          0x10000014      0x21c /tmp/ccZbm4uR.o
                0x10000014                set_baud_rate(int)
                0x10000034                rx_empty()
                0x10000044                rx_full()
                0x10000058                tx_empty()
                0x1000006c                tx_full()
                0x10000080                write_serial_byte(unsigned char)
                0x10000098                write_serial_integer(unsigned long)
                0x100000c8                read_serial_byte()
                0x100000e4                read_serial_int()
                0x10000168                set_led(unsigned long)
                0x10000174                transfer_data()
                0x10000228                execute_app(unsigned long)
 .text.startup  0x10000230       0x9c /tmp/ccZbm4uR.o
                0x10000230                main
                0x10000000                        _sp = (ORIGIN (ram) + LENGTH (ram))
OUTPUT(boot.elf elf32-littleriscv)

.rela.dyn       0x100002cc        0x0
 .rela.text     0x100002cc        0x0 /tmp/ccAcStfq.o

.riscv.attributes
                0x00000000       0x2e
 .riscv.attributes
                0x00000000       0x28 /tmp/ccAcStfq.o
 .riscv.attributes
                0x00000028       0x2e /tmp/ccZbm4uR.o

.comment        0x00000000       0x24
 .comment       0x00000000       0x24 /tmp/ccZbm4uR.o
                                 0x25 (size before relaxing)
