
Discarded input sections

 .data          0x0000000000000000        0x0 /tmp/ccjWtigR.o
 .bss           0x0000000000000000        0x0 /tmp/ccjWtigR.o
 .data          0x0000000000000000        0x0 /tmp/cc5lY2mO.o
 .bss           0x0000000000000000        0x0 /tmp/cc5lY2mO.o

Memory Configuration

Name             Origin             Length             Attributes
rom              0x0000000010000000 0x0000000000001000 xr
ram              0x0000000000000000 0x0000000000010000 xrw
*default*        0x0000000000000000 0xffffffffffffffff

Linker script and memory map

LOAD /tmp/ccjWtigR.o
LOAD /tmp/cc5lY2mO.o
                0x0000000000000800                STACK_SIZE = 0x800

.text           0x0000000010000000      0x2d4
 *(.text*)
 .text          0x0000000010000000       0x14 /tmp/ccjWtigR.o
                0x0000000010000000                _start
 .text          0x0000000010000014      0x220 /tmp/cc5lY2mO.o
                0x0000000010000014                set_baud_rate
                0x0000000010000034                rx_empty
                0x0000000010000044                rx_full
                0x0000000010000058                tx_empty
                0x000000001000006c                tx_full
                0x0000000010000080                write_serial_byte
                0x000000001000009c                write_serial_integer
                0x00000000100000d0                read_serial_byte
                0x00000000100000ec                read_serial_int
                0x0000000010000170                set_led
                0x000000001000017c                transfer_data
                0x000000001000022c                execute_app
 .text.startup  0x0000000010000234       0xa0 /tmp/cc5lY2mO.o
                0x0000000010000234                main
                0x0000000000010000                _sp = (ORIGIN (ram) + LENGTH (ram))
OUTPUT(boot.elf elf32-littleriscv)

.rela.dyn       0x00000000100002d4        0x0
 .rela.text     0x00000000100002d4        0x0 /tmp/ccjWtigR.o

.riscv.attributes
                0x0000000000000000       0x25
 .riscv.attributes
                0x0000000000000000       0x1f /tmp/ccjWtigR.o
 .riscv.attributes
                0x000000000000001f       0x25 /tmp/cc5lY2mO.o

.comment        0x0000000000000000       0x24
 .comment       0x0000000000000000       0x24 /tmp/cc5lY2mO.o
                                         0x25 (size before relaxing)
